[
    {
        "Field": 2,
        "Field2": 3,
        "Name": 1
    },
    {
        "Field": 5,
        "Field2": 6,
        "Name": 4
    }
]